Initialized native services in: /opt/gradle/.gradle/native
Initialized jansi services in: /opt/gradle/.gradle/native
The client will now receive all logging from the daemon (pid: 1711). The daemon log file: /opt/gradle/.gradle/daemon/9.3.1/daemon-1711.out.log
Starting 4th build in daemon [uptime: 3 mins 51.567 secs, performance: 99%, GC rate: 0.00/s, heap usage: 0% of 4 GiB]
Using 4 worker leases.
Operational build model parameters: {requiresToolingModels=false, parallelProjectExecution=true, configureOnDemand=false, configurationCache=true, configurationCacheParallelStore=false, configurationCacheParallelLoad=true, isolatedProjects=false, parallelProjectConfiguration=false, intermediateModelCache=false, parallelToolingApiActions=true, invalidateCoupledProjects=false, modelAsProjectDependency=false, resilientModelBuilding=false}
Invalidating in-memory cache of /app/applet/.gradle/9.3.1/fileHashes/fileHashes.bin
Invalidating in-memory cache of /app/applet/.gradle/9.3.1/fileHashes/resourceHashesCache.bin
Invalidating in-memory cache of /app/applet/.gradle/buildOutputCleanup/outputFiles.bin
Encryption key source: default Gradle keystore (pkcs12)
Invalidating in-memory cache of /opt/gradle/.gradle/caches/journal-1/file-access.bin
Invalidating in-memory cache of /opt/gradle/.gradle/caches/9.3.1/fileHashes/kotlinDslCompileAvoidanceClasspathHashCache.bin
Invalidating in-memory cache of /opt/gradle/.gradle/caches/9.3.1/fileHashes/fileHashes.bin
Invalidating in-memory cache of /opt/gradle/.gradle/caches/9.3.1/fileHashes/resourceHashesCache.bin
Calculating task graph as configuration cache cannot be reused because the file system entry '.env' has been removed.
Watching the file system is configured to be enabled if available
Unable to list file systems to check whether they can be watched. Disabling watching. Reason: Could not query file systems: could not open mount file (errno 2: No such file or directory)
File system watching is inactive
Starting Build
Resolved plugin [id: 'org.gradle.toolchains.foojay-resolver-convention', version: '1.0.0']
Settings evaluated using settings file '/app/applet/settings.gradle.kts'.
Using local directory build cache for the root build (location = /opt/gradle/.gradle/caches/build-cache-1, remove unused entries = after 7 days).
Projects loaded. Root project using build file '/app/applet/build.gradle.kts'.
Included projects: [root project 'xIDE', project ':app']

> Configure project :
Evaluating root project 'xIDE' using build file '/app/applet/build.gradle.kts'.
Resolved plugin [id: 'com.android.application', version: '9.1.1', apply: false]
Resolved plugin [id: 'org.jetbrains.kotlin.plugin.compose', version: '2.2.10', apply: false]
Resolved plugin [id: 'com.google.devtools.ksp', version: '2.3.5', apply: false]
Resolved plugin [id: 'io.github.takahirom.roborazzi', version: '1.59.0', apply: false]
Resolved plugin [id: 'com.google.android.libraries.mapsplatform.secrets-gradle-plugin', version: '2.0.1', apply: false]
Resolved plugin [id: 'com.google.gms.google-services', version: '4.5.0', apply: false]
Resolved plugin [id: 'com.google.dagger.hilt.android', version: '2.55', apply: false]

> Configure project :app
Evaluating project ':app' using build file '/app/applet/app/build.gradle.kts'.
Resolved plugin [id: 'com.android.application', version: '9.1.1']
Resolved plugin [id: 'org.jetbrains.kotlin.plugin.compose', version: '2.2.10']
Resolved plugin [id: 'com.google.devtools.ksp', version: '2.3.5']
Resolved plugin [id: 'io.github.takahirom.roborazzi', version: '1.59.0']
Resolved plugin [id: 'com.google.android.libraries.mapsplatform.secrets-gradle-plugin', version: '2.0.1']
Resolved plugin [id: 'com.google.gms.google-services', version: '4.5.0']
Build 240c1bf6-bbf0-460a-8faa-8723c03df2ac is started
Using default execution profile
Detected Android Gradle Plugin compose compiler configuration
Detected Android Gradle Plugin compose compiler configuration
Detected Android Gradle Plugin compose compiler configuration
Detected Android Gradle Plugin compose compiler configuration
All projects evaluated.
Task path ':app:testDebugUnitTest' matched project ':app'
Task name matched 'testDebugUnitTest'
Selected primary task 'testDebugUnitTest' from project :app
Adding -Xuse-inline-scopes-numbers Kotlin compiler flag for task :app:compileDebugKotlin
Tasks to be executed: [task ':app:preBuild', task ':app:preDebugBuild', task ':app:generateDebugBuildConfig', task ':app:generateDebugResources', task ':app:processDebugGoogleServices', task ':app:packageDebugResources', task ':app:processDebugNavigationResources', task ':app:parseDebugLocalResources', task ':app:generateDebugRFile', task ':app:kspDebugKotlin', task ':app:compileDebugKotlin', task ':app:javaPreCompileDebug', task ':app:compileDebugJavaWithJavac', task ':app:checkDebugAarMetadata', task ':app:mapDebugSourceSetPaths', task ':app:compileDebugNavigationResources', task ':app:mergeDebugResources', task ':app:createDebugCompatibleScreenManifests', task ':app:extractDeepLinksDebug', task ':app:processDebugMainManifest', task ':app:processDebugManifest', task ':app:processDebugManifestForPackage', task ':app:processDebugResources', task ':app:bundleDebugClassesToRuntimeJar', task ':app:bundleDebugClassesToCompileJar', task ':app:kspDebugUnitTestKotlin', task ':app:preDebugUnitTestBuild', task ':app:compileDebugUnitTestKotlin', task ':app:javaPreCompileDebugUnitTest', task ':app:compileDebugUnitTestJavaWithJavac', task ':app:generateDebugAssets', task ':app:mergeDebugAssets', task ':app:packageDebugUnitTestForUnitTest', task ':app:processDebugUnitTestManifest', task ':app:generateDebugUnitTestConfig', task ':app:processDebugJavaRes', task ':app:processDebugUnitTestJavaRes', task ':app:testDebugUnitTest', task ':app:finalizeTestRoborazziDebug']
Tasks that were excluded: []
Registered task dependencies: app:debugCompileClasspath
Skipping misunderstood TO dep string: androidx.compose.ui:ui-test-manifest
Skipping misunderstood TO dep string: org.jetbrains.kotlin:kotlin-stdlib
Skipping misunderstood TO dep string: org.jetbrains.kotlin:kotlin-stdlib
Skipping misunderstood TO dep string: androidx.compose.ui:ui-tooling
Skipping misunderstood TO dep string: androidx.compose.material:material-icons-core
Skipping misunderstood TO dep string: androidx.compose.material:material-icons-extended
Skipping misunderstood TO dep string: androidx.compose.material3:material3
Skipping misunderstood TO dep string: androidx.compose.ui:ui
Skipping misunderstood TO dep string: androidx.compose.ui:ui-graphics
Skipping misunderstood TO dep string: androidx.compose.ui:ui-tooling-preview
Skipping misunderstood TO dep string: org.jetbrains.kotlin:kotlin-stdlib
Skipping misunderstood TO dep string: org.jetbrains.kotlin:kotlin-stdlib
Skipping misunderstood TO dep string: org.jetbrains.kotlin:kotlin-stdlib
Skipping misunderstood TO dep string: com.google.firebase:firebase-ai
Skipping misunderstood TO dep string: com.google.firebase:firebase-appcheck-recaptcha
Skipping misunderstood TO dep string: org.jetbrains.kotlin:kotlin-stdlib
Starting dependency analysis
Registered task dependencies: app:kotlinCompilerPluginClasspath
Starting dependency analysis
Registered task dependencies: app:kotlinCompilerPluginClasspathDebug
Starting dependency analysis
Registered task dependencies: app:kotlinCompilerClasspath
Starting dependency analysis
Registered task dependencies: app:debugUnitTestCompileClasspath
Skipping misunderstood TO dep string: androidx.compose.ui:ui-test-manifest
Skipping misunderstood TO dep string: org.jetbrains.kotlin:kotlin-stdlib
Skipping misunderstood TO dep string: org.jetbrains.kotlin:kotlin-stdlib
Skipping misunderstood TO dep string: androidx.compose.ui:ui-tooling
Skipping misunderstood TO dep string: project :app
Skipping misunderstood TO dep string: androidx.compose.material:material-icons-core
Skipping misunderstood TO dep string: androidx.compose.material:material-icons-extended
Skipping misunderstood TO dep string: androidx.compose.material3:material3
Skipping misunderstood TO dep string: androidx.compose.ui:ui
Skipping misunderstood TO dep string: androidx.compose.ui:ui-graphics
Skipping misunderstood TO dep string: androidx.compose.ui:ui-tooling-preview
Skipping misunderstood TO dep string: org.jetbrains.kotlin:kotlin-stdlib
Skipping misunderstood TO dep string: org.jetbrains.kotlin:kotlin-stdlib
Skipping misunderstood TO dep string: org.jetbrains.kotlin:kotlin-stdlib
Skipping misunderstood TO dep string: com.google.firebase:firebase-ai
Skipping misunderstood TO dep string: com.google.firebase:firebase-appcheck-recaptcha
Skipping misunderstood TO dep string: org.jetbrains.kotlin:kotlin-stdlib
Skipping misunderstood TO dep string: androidx.compose.ui:ui-test-junit4
Starting dependency analysis
Registered task dependencies: app:kotlinCompilerPluginClasspathDebugUnitTest
Starting dependency analysis
Roborazzi: Set output dir file collection to test task
Roborazzi: Set output dir /app/applet/app/build/intermediates/roborazzi to test task
Roborazzi: Set output dir /app/applet/app/build/test-results/roborazzi/debug/results to test task
Roborazzi: Set output file /app/applet/app/build/test-results/roborazzi/debug/results-summary.json to test task
Roborazzi: Set output file /app/applet/app/build/reports/roborazzi/debug/index.html to test task
Build 240c1bf6-bbf0-460a-8faa-8723c03df2ac is closed
Using local directory build cache for the root build (location = /opt/gradle/.gradle/caches/build-cache-1, remove unused entries = after 7 days).
Ignoring listeners of task graph ready event, as this build (:) has already executed work.
Resolve mutations for :app:preBuild (Thread[#266,Execution worker,5,main]) started.
Resolve mutations for :app:processDebugGoogleServices (Thread[#267,Execution worker Thread 2,5,main]) started.
Resolve mutations for :app:generateDebugAssets (Thread[#265,included builds,5,main]) started.
:app:preBuild (Thread[#265,included builds,5,main]) started.
:app:generateDebugAssets (Thread[#268,Execution worker Thread 3,5,main]) started.
:app:processDebugGoogleServices (Thread[#266,Execution worker,5,main]) started.
Invalidating in-memory cache of /app/applet/.gradle/9.3.1/executionHistory/executionHistory.bin

> Task :app:preBuild UP-TO-DATE
Skipping task ':app:preBuild' as it has no actions.

> Task :app:generateDebugAssets UP-TO-DATE
Skipping task ':app:generateDebugAssets' as it has no actions.
Resolve mutations for :app:preDebugBuild (Thread[#265,included builds,5,main]) started.
Resolve mutations for :app:preDebugUnitTestBuild (Thread[#268,Execution worker Thread 3,5,main]) started.
:app:preDebugBuild (Thread[#265,included builds,5,main]) started.
:app:preDebugUnitTestBuild (Thread[#268,Execution worker Thread 3,5,main]) started.

> Task :app:preDebugBuild UP-TO-DATE
Skipping task ':app:preDebugBuild' as it has no actions.

> Task :app:preDebugUnitTestBuild UP-TO-DATE
Skipping task ':app:preDebugUnitTestBuild' as it has no actions.
Resolve mutations for :app:generateDebugBuildConfig (Thread[#265,included builds,5,main]) started.
Resolve mutations for :app:generateDebugResources (Thread[#267,Execution worker Thread 2,5,main]) started.
:app:generateDebugBuildConfig (Thread[#265,included builds,5,main]) started.
Resolve mutations for :app:processDebugNavigationResources (Thread[#268,Execution worker Thread 3,5,main]) started.
:app:generateDebugResources (Thread[#267,Execution worker Thread 2,5,main]) started.
:app:processDebugNavigationResources (Thread[#268,Execution worker Thread 3,5,main]) started.

> Task :app:processDebugGoogleServices UP-TO-DATE
Build cache key for task ':app:processDebugGoogleServices' is e0d7e7fc580fb8e73966ec4c19af7880
Skipping task ':app:processDebugGoogleServices' as it is up-to-date.
Resolve mutations for :app:javaPreCompileDebug (Thread[#266,Execution worker,5,main]) started.
:app:javaPreCompileDebug (Thread[#266,Execution worker,5,main]) started.

> Task :app:generateDebugResources UP-TO-DATE
Build cache key for task ':app:generateDebugResources' is a0beb5e451623e9dd76fd56c26a6053e
Skipping task ':app:generateDebugResources' as it is up-to-date.
Resolve mutations for :app:packageDebugResources (Thread[#267,Execution worker Thread 2,5,main]) started.
:app:packageDebugResources (Thread[#267,Execution worker Thread 2,5,main]) started.

> Task :app:generateDebugBuildConfig FROM-CACHE
Build cache key for task ':app:generateDebugBuildConfig' is b7778954ac756f0826630d4187a2401d
Task ':app:generateDebugBuildConfig' is not up-to-date because:
  Value of input property 'items' has changed for task ':app:generateDebugBuildConfig'
Loaded cache entry for task ':app:generateDebugBuildConfig' with cache key b7778954ac756f0826630d4187a2401d

> Task :app:packageDebugResources UP-TO-DATE
Build cache key for task ':app:packageDebugResources' is af0b284c17ee490a4f9652e9e6534d4a
Skipping task ':app:packageDebugResources' as it is up-to-date.
Resolve mutations for :app:kspDebugKotlin (Thread[#265,included builds,5,main]) started.
Resolve mutations for :app:checkDebugAarMetadata (Thread[#267,Execution worker Thread 2,5,main]) started.

> Task :app:javaPreCompileDebug UP-TO-DATE
Build cache key for task ':app:javaPreCompileDebug' is 044646e04ae507e0b254e56cf1531bf0
Skipping task ':app:javaPreCompileDebug' as it is up-to-date.
:app:checkDebugAarMetadata (Thread[#267,Execution worker Thread 2,5,main]) started.
:app:kspDebugKotlin (Thread[#265,included builds,5,main]) started.
Resolve mutations for :app:mapDebugSourceSetPaths (Thread[#266,Execution worker,5,main]) started.
:app:mapDebugSourceSetPaths (Thread[#266,Execution worker,5,main]) started.

> Task :app:mapDebugSourceSetPaths UP-TO-DATE
Caching disabled for task ':app:mapDebugSourceSetPaths' because:
  Caching has been disabled for the task
Skipping task ':app:mapDebugSourceSetPaths' as it is up-to-date.
Resolve mutations for :app:mergeDebugResources (Thread[#266,Execution worker,5,main]) started.
:app:mergeDebugResources (Thread[#266,Execution worker,5,main]) started.

> Task :app:checkDebugAarMetadata UP-TO-DATE
Caching disabled for task ':app:checkDebugAarMetadata' because:
  Caching has been disabled for the task
Skipping task ':app:checkDebugAarMetadata' as it is up-to-date.
Resolve mutations for :app:createDebugCompatibleScreenManifests (Thread[#267,Execution worker Thread 2,5,main]) started.

> Task :app:mergeDebugResources UP-TO-DATE
Build cache key for task ':app:mergeDebugResources' is 011e70ee163d44b7d2d42a9e06ade84b
Skipping task ':app:mergeDebugResources' as it is up-to-date.
Resolve mutations for :app:extractDeepLinksDebug (Thread[#266,Execution worker,5,main]) started.
:app:createDebugCompatibleScreenManifests (Thread[#267,Execution worker Thread 2,5,main]) started.
:app:extractDeepLinksDebug (Thread[#266,Execution worker,5,main]) started.

> Task :app:createDebugCompatibleScreenManifests UP-TO-DATE
Caching disabled for task ':app:createDebugCompatibleScreenManifests' because:
  Caching has been disabled for the task
Skipping task ':app:createDebugCompatibleScreenManifests' as it is up-to-date.
Resolve mutations for :app:javaPreCompileDebugUnitTest (Thread[#267,Execution worker Thread 2,5,main]) started.
:app:javaPreCompileDebugUnitTest (Thread[#267,Execution worker Thread 2,5,main]) started.

> Task :app:extractDeepLinksDebug FROM-CACHE
Build cache key for task ':app:extractDeepLinksDebug' is 03c7f89d85832d87355202a02e794c28
Task ':app:extractDeepLinksDebug' is not up-to-date because:
  Value of input property 'manifestPlaceholders' has changed for task ':app:extractDeepLinksDebug'
Loaded cache entry for task ':app:extractDeepLinksDebug' with cache key 03c7f89d85832d87355202a02e794c28
Resolve mutations for :app:processDebugMainManifest (Thread[#266,Execution worker,5,main]) started.
:app:processDebugMainManifest (Thread[#266,Execution worker,5,main]) started.

> Task :app:javaPreCompileDebugUnitTest UP-TO-DATE
Build cache key for task ':app:javaPreCompileDebugUnitTest' is 4eb903fb1c858e22ef1c680bebf2be94
Skipping task ':app:javaPreCompileDebugUnitTest' as it is up-to-date.
Resolve mutations for :app:mergeDebugAssets (Thread[#267,Execution worker Thread 2,5,main]) started.
:app:mergeDebugAssets (Thread[#267,Execution worker Thread 2,5,main]) started.

> Task :app:processDebugNavigationResources FROM-CACHE
Build cache key for task ':app:processDebugNavigationResources' is f4b92e1444ba0646bafbfd13a25b3e3f
Task ':app:processDebugNavigationResources' is not up-to-date because:
  Value of input property 'manifestPlaceholders' has changed for task ':app:processDebugNavigationResources'
Loaded cache entry for task ':app:processDebugNavigationResources' with cache key f4b92e1444ba0646bafbfd13a25b3e3f
Resolve mutations for :app:parseDebugLocalResources (Thread[#268,Execution worker Thread 3,5,main]) started.
:app:parseDebugLocalResources (Thread[#268,Execution worker Thread 3,5,main]) started.

> Task :app:mergeDebugAssets UP-TO-DATE
Caching disabled for task ':app:mergeDebugAssets' because:
  Simple merging task
Skipping task ':app:mergeDebugAssets' as it is up-to-date.
Resolve mutations for :app:compileDebugNavigationResources (Thread[#267,Execution worker Thread 2,5,main]) started.
:app:compileDebugNavigationResources (Thread[#267,Execution worker Thread 2,5,main]) started.

> Task :app:compileDebugNavigationResources UP-TO-DATE
Build cache key for task ':app:compileDebugNavigationResources' is 11652e4c544df3c87e35586fc4954fd9
Skipping task ':app:compileDebugNavigationResources' as it is up-to-date.
work action resolve navigation.json (project :app) (Thread[#267,Execution worker Thread 2,5,main]) started.

> Task :app:parseDebugLocalResources UP-TO-DATE
Build cache key for task ':app:parseDebugLocalResources' is db8f0038b228f77665327b46c6fd0d85
Skipping task ':app:parseDebugLocalResources' as it is up-to-date.
Resolve mutations for :app:generateDebugRFile (Thread[#268,Execution worker Thread 3,5,main]) started.
:app:generateDebugRFile (Thread[#268,Execution worker Thread 3,5,main]) started.

> Task :app:processDebugMainManifest FROM-CACHE
Build cache key for task ':app:processDebugMainManifest' is 81d8a7a908b63403720caf74e83c62ea
Task ':app:processDebugMainManifest' is not up-to-date because:
  Value of input property 'manifestPlaceholders' has changed for task ':app:processDebugMainManifest'
Loaded cache entry for task ':app:processDebugMainManifest' with cache key 81d8a7a908b63403720caf74e83c62ea

> Task :app:generateDebugRFile UP-TO-DATE
Build cache key for task ':app:generateDebugRFile' is 677f5f636d360b0dedaa658133f81241
Skipping task ':app:generateDebugRFile' as it is up-to-date.
Resolve mutations for :app:processDebugManifest (Thread[#266,Execution worker,5,main]) started.
Resolve mutations for :app:processDebugUnitTestManifest (Thread[#267,Execution worker Thread 2,5,main]) started.
:app:processDebugManifest (Thread[#266,Execution worker,5,main]) started.
:app:processDebugUnitTestManifest (Thread[#267,Execution worker Thread 2,5,main]) started.

> Task :app:processDebugManifest UP-TO-DATE
Build cache key for task ':app:processDebugManifest' is 504377b26fcb385de9c0a723e8ce8d62
Skipping task ':app:processDebugManifest' as it is up-to-date.
Resolve mutations for :app:processDebugManifestForPackage (Thread[#266,Execution worker,5,main]) started.
:app:processDebugManifestForPackage (Thread[#266,Execution worker,5,main]) started.

> Task :app:processDebugManifestForPackage UP-TO-DATE
Build cache key for task ':app:processDebugManifestForPackage' is 19807a57e0756c3cb100a6d8bab198e5
Skipping task ':app:processDebugManifestForPackage' as it is up-to-date.
Resolve mutations for :app:processDebugResources (Thread[#266,Execution worker,5,main]) started.
:app:processDebugResources (Thread[#266,Execution worker,5,main]) started.

> Task :app:processDebugUnitTestManifest UP-TO-DATE
Caching disabled for task ':app:processDebugUnitTestManifest' because:
  Caching has been disabled for the task
Skipping task ':app:processDebugUnitTestManifest' as it is up-to-date.

> Task :app:processDebugResources UP-TO-DATE
Build cache key for task ':app:processDebugResources' is f63c2f84079921e2bc760500d4a04370
Skipping task ':app:processDebugResources' as it is up-to-date.
Resolve mutations for :app:packageDebugUnitTestForUnitTest (Thread[#266,Execution worker,5,main]) started.
:app:packageDebugUnitTestForUnitTest (Thread[#266,Execution worker,5,main]) started.

> Task :app:packageDebugUnitTestForUnitTest UP-TO-DATE
Caching disabled for task ':app:packageDebugUnitTestForUnitTest' because:
  Simple merging task
Skipping task ':app:packageDebugUnitTestForUnitTest' as it is up-to-date.
Resolve mutations for :app:generateDebugUnitTestConfig (Thread[#266,Execution worker,5,main]) started.
:app:generateDebugUnitTestConfig (Thread[#266,Execution worker,5,main]) started.

> Task :app:generateDebugUnitTestConfig UP-TO-DATE
Caching disabled for task ':app:generateDebugUnitTestConfig' because:
  Caching has been disabled for the task
Skipping task ':app:generateDebugUnitTestConfig' as it is up-to-date.

> Task :app:kspDebugKotlin
Build cache key for task ':app:kspDebugKotlin' is c5383f63b20695abbf28dbbf4ea43f79
Task ':app:kspDebugKotlin' is not up-to-date because:
  Value of input property 'kspConfig.logLevel' has changed for task ':app:kspDebugKotlin'
The input changes require a full rebuild for incremental task ':app:kspDebugKotlin'.
i: [ksp] loaded provider(s): [dagger.hilt.processor.internal.uninstallmodules.KspUninstallModulesProcessor$Provider, dagger.hilt.processor.internal.definecomponent.KspDefineComponentProcessor$Provider, dagger.hilt.android.processor.internal.androidentrypoint.KspAndroidEntryPointProcessor$Provider, dagger.hilt.processor.internal.root.KspRootProcessor$Provider, dagger.hilt.android.processor.internal.viewmodel.KspViewModelProcessor$Provider, dagger.hilt.android.processor.internal.bindvalue.KspBindValueProcessor$Provider, dagger.hilt.processor.internal.root.KspComponentTreeDepsProcessor$Provider, dagger.hilt.processor.internal.aliasof.KspAliasOfProcessor$Provider, dagger.hilt.processor.internal.generatesrootinput.KspGeneratesRootInputProcessor$Provider, dagger.hilt.processor.internal.originatingelement.KspOriginatingElementProcessor$Provider, dagger.hilt.processor.internal.earlyentrypoint.KspEarlyEntryPointProcessor$Provider, dagger.hilt.android.processor.internal.customtestapplication.KspCustomTestApplicationProcessor$Provider, dagger.hilt.processor.internal.aggregateddeps.KspAggregatedDepsProcessor$Provider, androidx.room.RoomKspProcessor$Provider, com.squareup.moshi.kotlin.codegen.ksp.JsonClassSymbolProcessorProvider, dagger.internal.codegen.KspComponentProcessor$Provider]
Invalidating in-memory cache of /app/applet/.gradle/9.3.1/fileHashes/fileHashes.bin
Invalidating in-memory cache of /app/applet/.gradle/9.3.1/fileHashes/resourceHashesCache.bin
Invalidating in-memory cache of /opt/gradle/.gradle/caches/journal-1/file-access.bin
Stored cache entry for task ':app:kspDebugKotlin' with cache key c5383f63b20695abbf28dbbf4ea43f79
Invalidating in-memory cache of /app/applet/.gradle/9.3.1/executionHistory/executionHistory.bin
Invalidating in-memory cache of /app/applet/.gradle/buildOutputCleanup/outputFiles.bin
Resolve mutations for :app:compileDebugKotlin (Thread[#265,included builds,5,main]) started.
:app:compileDebugKotlin (Thread[#265,included builds,5,main]) started.

> Task :app:compileDebugKotlin FROM-CACHE
file or directory '/app/applet/app/src/main/kotlin', not found
file or directory '/app/applet/app/src/debug/java', not found
file or directory '/app/applet/app/src/debug/kotlin', not found
file or directory '/app/applet/app/src/debug/java', not found
file or directory '/app/applet/app/src/main/kotlin', not found
file or directory '/app/applet/app/src/debug/java', not found
file or directory '/app/applet/app/src/debug/kotlin', not found
file or directory '/app/applet/app/src/debug/java', not found
Invalidating in-memory cache of /opt/gradle/.gradle/caches/9.3.1/fileHashes/kotlinDslCompileAvoidanceClasspathHashCache.bin
Invalidating in-memory cache of /opt/gradle/.gradle/caches/9.3.1/fileHashes/fileHashes.bin
Invalidating in-memory cache of /opt/gradle/.gradle/caches/9.3.1/fileHashes/resourceHashesCache.bin
file or directory '/app/applet/app/src/main/kotlin', not found
file or directory '/app/applet/app/src/debug/java', not found
file or directory '/app/applet/app/src/debug/kotlin', not found
file or directory '/app/applet/app/src/debug/java', not found
Build cache key for task ':app:compileDebugKotlin' is 3b8451612e0b7629300e3573131886ba
Task ':app:compileDebugKotlin' is not up-to-date because:
  Input property 'javaSources' file /app/applet/app/build/generated/source/buildConfig/debug/com/aistudio/xide/BuildConfig.java has changed.
Loaded cache entry for task ':app:compileDebugKotlin' with cache key 3b8451612e0b7629300e3573131886ba
Resolve mutations for :app:compileDebugJavaWithJavac (Thread[#265,included builds,5,main]) started.
Resolve mutations for :app:processDebugJavaRes (Thread[#266,Execution worker,5,main]) started.
:app:compileDebugJavaWithJavac (Thread[#268,Execution worker Thread 3,5,main]) started.
:app:processDebugJavaRes (Thread[#265,included builds,5,main]) started.

> Task :app:processDebugJavaRes UP-TO-DATE
file or directory '/app/applet/app/src/main/resources', not found
file or directory '/app/applet/app/src/debug/resources', not found
Caching disabled for task ':app:processDebugJavaRes' because:
  Caching has been disabled for the task
Skipping task ':app:processDebugJavaRes' as it is up-to-date.
work action resolve out (project :app) (Thread[#265,included builds,5,main]) started.

> Task :app:compileDebugJavaWithJavac FROM-CACHE
Build cache key for task ':app:compileDebugJavaWithJavac' is 3ec2a3db2d820a4663b352b103964f3d
Task ':app:compileDebugJavaWithJavac' is not up-to-date because:
  Input property 'stableSources' file /app/applet/app/build/generated/source/buildConfig/debug/com/aistudio/xide/BuildConfig.java has changed.
Loaded cache entry for task ':app:compileDebugJavaWithJavac' with cache key 3ec2a3db2d820a4663b352b103964f3d
No compile result for :app:compileDebugJavaWithJavac
Resolve mutations for :app:bundleDebugClassesToRuntimeJar (Thread[#268,Execution worker Thread 3,5,main]) started.
Resolve mutations for :app:bundleDebugClassesToCompileJar (Thread[#265,included builds,5,main]) started.
:app:bundleDebugClassesToCompileJar (Thread[#265,included builds,5,main]) started.
:app:bundleDebugClassesToRuntimeJar (Thread[#268,Execution worker Thread 3,5,main]) started.

> Task :app:bundleDebugClassesToCompileJar
Caching disabled for task ':app:bundleDebugClassesToCompileJar' because:
  Caching has been disabled for the task
Task ':app:bundleDebugClassesToCompileJar' is not up-to-date because:
  Input property 'inputDirs' file /app/applet/app/build/intermediates/built_in_kotlinc/debug/compileDebugKotlin/classes/com/aistudio/xide/core/intelligence/GeminiLanguageModelProvider.class has changed.
  Input property 'inputDirs' file /app/applet/app/build/intermediates/javac/debug/compileDebugJavaWithJavac/classes/com/aistudio/xide/BuildConfig.class has changed.
file or directory '/app/applet/app/build/generated/ksp/debug/classes', not found
work action resolve classes.jar (project :app) (Thread[#265,included builds,5,main]) started.

> Task :app:bundleDebugClassesToRuntimeJar
Caching disabled for task ':app:bundleDebugClassesToRuntimeJar' because:
  Caching has been disabled for the task
Task ':app:bundleDebugClassesToRuntimeJar' is not up-to-date because:
  Input property 'inputDirs' file /app/applet/app/build/intermediates/built_in_kotlinc/debug/compileDebugKotlin/classes/com/aistudio/xide/core/intelligence/GeminiLanguageModelProvider.class has changed.
  Input property 'inputDirs' file /app/applet/app/build/intermediates/javac/debug/compileDebugJavaWithJavac/classes/com/aistudio/xide/BuildConfig.class has changed.
Resolve mutations for :app:kspDebugUnitTestKotlin (Thread[#265,included builds,5,main]) started.
work action resolve classes.jar (project :app) (Thread[#268,Execution worker Thread 3,5,main]) started.
:app:kspDebugUnitTestKotlin (Thread[#265,included builds,5,main]) started.

> Task :app:kspDebugUnitTestKotlin
Build cache key for task ':app:kspDebugUnitTestKotlin' is 3c775d4f1444885360b1c5258e72dcdf
Task ':app:kspDebugUnitTestKotlin' is not up-to-date because:
  Value of input property 'kspConfig.logLevel' has changed for task ':app:kspDebugUnitTestKotlin'
The input changes require a full rebuild for incremental task ':app:kspDebugUnitTestKotlin'.
i: [ksp] loaded provider(s): [dagger.hilt.processor.internal.uninstallmodules.KspUninstallModulesProcessor$Provider, dagger.hilt.processor.internal.definecomponent.KspDefineComponentProcessor$Provider, dagger.hilt.android.processor.internal.androidentrypoint.KspAndroidEntryPointProcessor$Provider, dagger.hilt.processor.internal.root.KspRootProcessor$Provider, dagger.hilt.android.processor.internal.viewmodel.KspViewModelProcessor$Provider, dagger.hilt.android.processor.internal.bindvalue.KspBindValueProcessor$Provider, dagger.hilt.processor.internal.root.KspComponentTreeDepsProcessor$Provider, dagger.hilt.processor.internal.aliasof.KspAliasOfProcessor$Provider, dagger.hilt.processor.internal.generatesrootinput.KspGeneratesRootInputProcessor$Provider, dagger.hilt.processor.internal.originatingelement.KspOriginatingElementProcessor$Provider, dagger.hilt.processor.internal.earlyentrypoint.KspEarlyEntryPointProcessor$Provider, dagger.hilt.android.processor.internal.customtestapplication.KspCustomTestApplicationProcessor$Provider, dagger.hilt.processor.internal.aggregateddeps.KspAggregatedDepsProcessor$Provider, androidx.room.RoomKspProcessor$Provider, com.squareup.moshi.kotlin.codegen.ksp.JsonClassSymbolProcessorProvider, dagger.internal.codegen.KspComponentProcessor$Provider]
Stored cache entry for task ':app:kspDebugUnitTestKotlin' with cache key 3c775d4f1444885360b1c5258e72dcdf
Resolve mutations for :app:compileDebugUnitTestKotlin (Thread[#265,included builds,5,main]) started.
:app:compileDebugUnitTestKotlin (Thread[#265,included builds,5,main]) started.

> Task :app:compileDebugUnitTestKotlin
file or directory '/app/applet/app/src/test/kotlin', not found
file or directory '/app/applet/app/src/testDebug/java', not found
file or directory '/app/applet/app/src/testDebug/kotlin', not found
file or directory '/app/applet/app/src/testDebug/java', not found
file or directory '/app/applet/app/src/test/kotlin', not found
file or directory '/app/applet/app/src/testDebug/java', not found
file or directory '/app/applet/app/src/testDebug/kotlin', not found
file or directory '/app/applet/app/src/testDebug/java', not found
file or directory '/app/applet/app/src/test/kotlin', not found
file or directory '/app/applet/app/src/testDebug/java', not found
file or directory '/app/applet/app/src/testDebug/kotlin', not found
file or directory '/app/applet/app/src/testDebug/java', not found
Build cache key for task ':app:compileDebugUnitTestKotlin' is 8ee306f02ef4d68ac653d1e1a4844021
Task ':app:compileDebugUnitTestKotlin' is not up-to-date because:
  Input property 'classpathSnapshotProperties.classpathSnapshot' file /opt/gradle/.gradle/caches/9.3.1/transforms/08bb8813e83351d87cf6231960a9fa5a/transformed/classes_jar-snapshot.bin has been removed.
  Input property 'classpathSnapshotProperties.classpathSnapshot' file /opt/gradle/.gradle/caches/9.3.1/transforms/cde083514fabf48cd548d8ec85a6c215/transformed/classes_jar-snapshot.bin has been added.
file or directory '/app/applet/app/src/test/kotlin', not found
file or directory '/app/applet/app/src/test/kotlin', not found
file or directory '/app/applet/app/src/testDebug/java', not found
file or directory '/app/applet/app/src/testDebug/java', not found
file or directory '/app/applet/app/src/testDebug/kotlin', not found
file or directory '/app/applet/app/src/testDebug/kotlin', not found
file or directory '/app/applet/app/src/testDebug/java', not found
file or directory '/app/applet/app/src/testDebug/java', not found
file or directory '/app/applet/app/build/generated/ksp/debugUnitTest/java', not found
file or directory '/app/applet/app/build/generated/ksp/debugUnitTest/kotlin', not found
file or directory '/app/applet/app/src/test/kotlin', not found
file or directory '/app/applet/app/src/test/kotlin', not found
file or directory '/app/applet/app/src/testDebug/java', not found
file or directory '/app/applet/app/src/testDebug/java', not found
file or directory '/app/applet/app/src/testDebug/kotlin', not found
file or directory '/app/applet/app/src/testDebug/kotlin', not found
file or directory '/app/applet/app/src/testDebug/java', not found
file or directory '/app/applet/app/src/testDebug/java', not found
file or directory '/app/applet/app/build/generated/ksp/debugUnitTest/java', not found
file or directory '/app/applet/app/build/generated/ksp/debugUnitTest/kotlin', not found
file or directory '/app/applet/app/src/test/kotlin', not found
file or directory '/app/applet/app/src/test/kotlin', not found
file or directory '/app/applet/app/src/testDebug/java', not found
file or directory '/app/applet/app/src/testDebug/java', not found
file or directory '/app/applet/app/src/testDebug/kotlin', not found
file or directory '/app/applet/app/src/testDebug/kotlin', not found
file or directory '/app/applet/app/src/testDebug/java', not found
file or directory '/app/applet/app/src/testDebug/java', not found
file or directory '/app/applet/app/build/generated/ksp/debugUnitTest/java', not found
file or directory '/app/applet/app/build/generated/ksp/debugUnitTest/kotlin', not found
file or directory '/app/applet/app/src/test/kotlin', not found
file or directory '/app/applet/app/src/test/kotlin', not found
file or directory '/app/applet/app/src/testDebug/java', not found
file or directory '/app/applet/app/src/testDebug/java', not found
file or directory '/app/applet/app/src/testDebug/kotlin', not found
file or directory '/app/applet/app/src/testDebug/kotlin', not found
file or directory '/app/applet/app/src/testDebug/java', not found
file or directory '/app/applet/app/src/testDebug/java', not found
file or directory '/app/applet/app/build/generated/ksp/debugUnitTest/java', not found
file or directory '/app/applet/app/build/generated/ksp/debugUnitTest/kotlin', not found
Kotlin source files: /app/applet/app/src/test/java/com/aistudio/xide/core/xero/conversation/XeroAssistantStateTest.kt, /app/applet/app/src/test/java/com/aistudio/xide/core/xero/conversation/XeroDeveloperContextTest.kt, /app/applet/app/src/test/java/com/aistudio/xide/core/xero/conversation/DiagnosticFixProposalTest.kt, /app/applet/app/src/test/java/com/aistudio/xide/core/xero/conversation/ConversationIntegrationTest.kt, /app/applet/app/src/test/java/com/aistudio/xide/core/xero/conversation/WorkflowStateTest.kt, /app/applet/app/src/test/java/com/aistudio/xide/core/xero/conversation/ConversationEngineTest.kt, /app/applet/app/src/test/java/com/aistudio/xide/core/xero/conversation/XeroResponseTest.kt, /app/applet/app/src/test/java/com/aistudio/xide/core/xero/conversation/XeroSecurityBoundaryTest.kt, /app/applet/app/src/test/java/com/aistudio/xide/core/xero/conversation/ConversationHistoryTest.kt, /app/applet/app/src/test/java/com/aistudio/xide/core/xero/conversation/ContextSelectorTest.kt, /app/applet/app/src/test/java/com/aistudio/xide/core/xero/conversation/IntentClassifierTest.kt, /app/applet/app/src/test/java/com/aistudio/xide/core/xero/XeroProjectContextTest.kt, /app/applet/app/src/test/java/com/aistudio/xide/core/xero/PersistentXeroMemoryContextTest.kt, /app/applet/app/src/test/java/com/aistudio/xide/core/xero/XeroActionEngineTest.kt, /app/applet/app/src/test/java/com/aistudio/xide/core/xero/XeroWorkspaceAwarenessTest.kt, /app/applet/app/src/test/java/com/aistudio/xide/core/xero/XeroEngineeringContextTest.kt, /app/applet/app/src/test/java/com/aistudio/xide/core/ai/actions/AIActionTest.kt, /app/applet/app/src/test/java/com/aistudio/xide/core/ai/actions/XeroActionBoundaryTest.kt, /app/applet/app/src/test/java/com/aistudio/xide/core/ai/actions/ChangePreviewTest.kt, /app/applet/app/src/test/java/com/aistudio/xide/core/ai/actions/XeroCodeBoundaryTest.kt, /app/applet/app/src/test/java/com/aistudio/xide/core/ai/actions/AIFileOperationTest.kt, /app/applet/app/src/test/java/com/aistudio/xide/core/ai/actions/ActionApprovalTest.kt, /app/applet/app/src/test/java/com/aistudio/xide/core/ai/actions/DiffPreviewTest.kt, /app/applet/app/src/test/java/com/aistudio/xide/core/ai/AiIntelligenceTest.kt, /app/applet/app/src/test/java/com/aistudio/xide/core/plugin/PluginRuntimeLoaderTest.kt, /app/applet/app/src/test/java/com/aistudio/xide/core/plugin/PluginEngineTest.kt, /app/applet/app/src/test/java/com/aistudio/xide/core/build/BuildIntelligenceTest.kt, /app/applet/app/src/test/java/com/aistudio/xide/core/build/APKArtifactResolverTest.kt, /app/applet/app/src/test/java/com/aistudio/xide/core/build/EndToEndBuildFlowTest.kt, /app/applet/app/src/test/java/com/aistudio/xide/core/build/BuildServiceTest.kt, /app/applet/app/src/test/java/com/aistudio/xide/core/build/BuildStateFlowTest.kt, /app/applet/app/src/test/java/com/aistudio/xide/core/editor/ui/EditorUiTest.kt, /app/applet/app/src/test/java/com/aistudio/xide/core/editor/EditorArchitectureTest.kt, /app/applet/app/src/test/java/com/aistudio/xide/core/workspace/WorkspaceLifecycleIntegrationTest.kt, /app/applet/app/src/test/java/com/aistudio/xide/core/workspace/ProjectWorkspaceTest.kt, /app/applet/app/src/test/java/com/aistudio/xide/core/workspace/WorkspaceMigrationTest.kt, /app/applet/app/src/test/java/com/aistudio/xide/core/workspace/ui/WorkspaceAutomationViewModelTest.kt, /app/applet/app/src/test/java/com/aistudio/xide/core/workspace/ui/DeveloperWorkspaceScreenTest.kt, /app/applet/app/src/test/java/com/aistudio/xide/core/workspace/WorkspaceContainerTest.kt, /app/applet/app/src/test/java/com/aistudio/xide/core/workspace/WorkspaceDatabaseTest.kt, /app/applet/app/src/test/java/com/aistudio/xide/core/workspace/WorkspaceArchitectureTest.kt, /app/applet/app/src/test/java/com/aistudio/xide/core/designsystem/ComponentRenderingTest.kt, /app/applet/app/src/test/java/com/aistudio/xide/core/designsystem/ThemeValidationTest.kt, /app/applet/app/src/test/java/com/aistudio/xide/core/ArchitectureValidationTest.kt, /app/applet/app/src/test/java/com/aistudio/xide/core/intelligence/DeveloperQueryTest.kt, /app/applet/app/src/test/java/com/aistudio/xide/core/intelligence/IntelligenceTests.kt, /app/applet/app/src/test/java/com/aistudio/xide/core/intelligence/ProjectUnderstandingEngineTest.kt, /app/applet/app/src/test/java/com/aistudio/xide/core/intelligence/CodeNavigatorTest.kt, /app/applet/app/src/test/java/com/aistudio/xide/core/intelligence/RecoveryEngineTest.kt, /app/applet/app/src/test/java/com/aistudio/xide/core/intelligence/TaskPlanningEngineTest.kt, /app/applet/app/src/test/java/com/aistudio/xide/core/intelligence/CodeExplanationTest.kt, /app/applet/app/src/test/java/com/aistudio/xide/core/intelligence/CodeIntelligenceTest.kt, /app/applet/app/src/test/java/com/aistudio/xide/core/intelligence/SymbolGraphTest.kt, /app/applet/app/src/test/java/com/aistudio/xide/core/dependency/LocalPackageManagerProviderTest.kt, /app/applet/app/src/test/java/com/aistudio/xide/core/vfs/VfsArchitectureTest.kt, /app/applet/app/src/test/java/com/aistudio/xide/core/vfs/VirtualFileSystemTest.kt, /app/applet/app/src/test/java/com/aistudio/xide/core/vfs/VirtualFileSystemSecurityTest.kt, /app/applet/app/src/test/java/com/aistudio/xide/core/vfs/FileOperationExpansionTest.kt, /app/applet/app/src/test/java/com/aistudio/xide/core/service/ServiceRegistryTest.kt, /app/applet/app/src/test/java/com/aistudio/xide/core/automation/AutomationEngineTest.kt, /app/applet/app/src/test/java/com/aistudio/xide/core/automation/history/AutomationHistoryRepositoryTest.kt, /app/applet/app/src/test/java/com/aistudio/xide/core/automation/PersistentTaskQueueTest.kt, /app/applet/app/src/test/java/com/aistudio/xide/core/automation/AutomationTests.kt, /app/applet/app/src/test/java/com/aistudio/xide/core/diagnostics/DiagnosticAnalyzerTest.kt, /app/applet/app/src/test/java/com/aistudio/xide/core/diagnostics/DiagnosticChainTest.kt, /app/applet/app/src/test/java/com/aistudio/xide/core/provider/ProviderComplianceTest.kt, /app/applet/app/src/test/java/com/aistudio/xide/core/provider/ProviderHealthMonitorTest.kt, /app/applet/app/src/test/java/com/aistudio/xide/core/execution/LocalTerminalProviderTest.kt, /app/applet/app/src/test/java/com/aistudio/xide/core/indexing/ProjectIndexTest.kt, /app/applet/app/src/test/java/com/aistudio/xide/core/navigation/NavigationTest.kt, /app/applet/app/src/test/java/com/aistudio/xide/core/approval/ApprovalManagerTest.kt
Java source files: 
Script source files: 
Script file extensions: 
Using Kotlin/JVM incremental compilation
[KOTLIN] Kotlin compilation 'jdkHome' argument: /usr/lib/jvm/temurin-21-jdk-amd64
Finished executing kotlin compiler using IN_PROCESS strategy
Stored cache entry for task ':app:compileDebugUnitTestKotlin' with cache key 8ee306f02ef4d68ac653d1e1a4844021
Resolve mutations for :app:compileDebugUnitTestJavaWithJavac (Thread[#265,included builds,5,main]) started.
Resolve mutations for :app:processDebugUnitTestJavaRes (Thread[#268,Execution worker Thread 3,5,main]) started.
:app:processDebugUnitTestJavaRes (Thread[#268,Execution worker Thread 3,5,main]) started.
:app:compileDebugUnitTestJavaWithJavac (Thread[#265,included builds,5,main]) started.

> Task :app:compileDebugUnitTestJavaWithJavac NO-SOURCE
Skipping task ':app:compileDebugUnitTestJavaWithJavac' as it has no source files and no previous output files.

> Task :app:processDebugUnitTestJavaRes UP-TO-DATE
file or directory '/app/applet/app/src/test/resources', not found
file or directory '/app/applet/app/src/testDebug/resources', not found
Caching disabled for task ':app:processDebugUnitTestJavaRes' because:
  Caching has been disabled for the task
Skipping task ':app:processDebugUnitTestJavaRes' as it is up-to-date.
Resolve mutations for :app:testDebugUnitTest (Thread[#268,Execution worker Thread 3,5,main]) started.
:app:testDebugUnitTest (Thread[#268,Execution worker Thread 3,5,main]) started.
Gradle Test Executor 2 started executing tests.
Gradle Test Executor 2 finished executing tests.

> Task :app:testDebugUnitTest
Build cache key for task ':app:testDebugUnitTest' is 6de766f55b990e904d2f3096ea48bdf5
Task ':app:testDebugUnitTest' is not up-to-date because:
  Task has failed previously.
file or directory '/app/applet/app/build/generated/ksp/debugUnitTest/resources', not found
file or directory '/app/applet/app/build/generated/ksp/debugUnitTest/classes', not found
file or directory '/app/applet/app/build/intermediates/javac/debugUnitTest/compileDebugUnitTestJavaWithJavac/classes', not found
Starting process 'Gradle Test Executor 2'. Working directory: /app/applet/app Command: /usr/lib/jvm/temurin-21-jdk-amd64/bin/java -Djava.awt.headless=true -Djava.library.path=/usr/java/packages/lib:/usr/lib64:/lib64:/lib:/usr/lib:/app/applet/app/src/testDebug/jniLibs:/app/applet/app/src/test/jniLibs -Dorg.gradle.internal.worker.tmpdir=/app/applet/app/build/tmp/testDebugUnitTest/work --add-opens=java.base/java.io=ALL-UNNAMED @/opt/gradle/.gradle/.tmp/gradle-worker-classpath3279068803443150032txt -Xmx512m -Dfile.encoding=UTF-8 -Duser.country=US -Duser.language=en -Duser.variant -ea worker.org.gradle.process.internal.worker.GradleWorkerMain 'Gradle Test Executor 2'
Successfully started process 'Gradle Test Executor 2'
Generating HTML test report...
Finished generating test html results (0.037 secs) into: /app/applet/app/build/reports/tests/testDebugUnitTest
Finished generating test XML results (0.006 secs) into: /app/applet/app/build/test-results/testDebugUnitTest
Stored cache entry for task ':app:testDebugUnitTest' with cache key 6de766f55b990e904d2f3096ea48bdf5
Resolve mutations for :app:finalizeTestRoborazziDebug (Thread[#268,Execution worker Thread 3,5,main]) started.
:app:finalizeTestRoborazziDebug (Thread[#268,Execution worker Thread 3,5,main]) started.

> Task :app:finalizeTestRoborazziDebug SKIPPED
Roborazzi: roborazziTestFinalizer.onlyIf doesRoborazziRun false
Skipping task ':app:finalizeTestRoborazziDebug' as task onlyIf 'Task satisfies onlyIf spec' is false.
Build 2ad6df73-d8b5-4f73-9ec3-4885aec73af1 is started
Build 2ad6df73-d8b5-4f73-9ec3-4885aec73af1 is closed

See the complete report at file:///app/applet/build/reports/configuration-cache/a5fro7mon5k7ojjmibbn9mnwm/5kj0t0r2o59ik5v1xdw2ob7z4/configuration-cache-report.html

BUILD SUCCESSFUL in 44s
33 actionable tasks: 6 executed, 6 from cache, 21 up-to-date
Configuration cache entry stored.
Configuration Cache (/app/applet/.gradle/configuration-cache) [subdir: /app/applet/.gradle/configuration-cache/431a56dd-a017-42b8-aacb-b06bea2829af] cleanup deleted 8 files/directories.
